// Jest Snapshot v1, https://goo.gl/fbAQLP

exports[`useDebounceFn tests should calls fn method only once within given delay 1`] = `<div></div>`;
