// Jest Snapshot v1, https://goo.gl/fbAQLP

exports[`usePick should get pick value 1`] = `
<div>
  <p>Pick: {"a":1,"d":4}</p>
</div>
`;
